<testsuites name="results">
  <testsuite name="all" package="all">
    <property name="random_seed" value="1740607737" />
    <testcase name="test_perceptron" classname="test" file="/Users/ksv/Development/ML/tinytapeout/test/test.py" lineno="49" time="0.001322031021118164" sim_time_ns="30.001" ratio_time="22693.11349035167">
      <failure message="Test failed with RANDOM_SEED=1740607737" />
    </testcase>
  </testsuite>
</testsuites>
